<xml>
	<title>Le Crime de Sylvestre Bonnard</title>
	<subtitle></subtitle>
	<isbn>9782335042771</isbn>
	<pageCount>120</pageCount>
	<keywords>Le Crime de Sylvestre Bonnard; Anatole France; Ligaran; littérature française; prix Nobel; cité des livres; romans; Académie française; Légende dorée</keywords>
	<languageID>2</languageID>
	<createdOn>11.11.2016 12:18:37</createdOn>
	<authors> Karolin Brohee </authors>
</xml>
