<xml>
	<title>Romans et Contes</title>
	<subtitle></subtitle>
	<isbn>9782335002461</isbn>
	<pageCount>499</pageCount>
	<keywords>Romans et Contes; Théophile Gautier; littérature française; XIXe siècle; 19e; Le chevalier double; Le club des Hachichins; Kief; consommations et effets de drogues; haschich; double personnalité; dédoublement de personnalité</keywords>
	<languageID>2</languageID>
	<createdOn>11.11.2016 11:17:48</createdOn>
	<authors> Encyclopaedia Universalis </authors>
</xml>
<xml>
	<title>Génération anglais</title>
	<subtitle>Roman linguistique</subtitle>
	<isbn>9791023601794</isbn>
	<pageCount>280</pageCount>
	<keywords>Génération anglais; Judith Andreyev; Publishroom; ebooks; littérature; romans; apprentissage des langues; anglais; français; langues étrangères; grammaire; expressions orales; présentations en anglais; New York; aventures; péripéties; conférences; lectures; études; écoles; professeurs; famille; humour</keywords>
	<languageID>2</languageID>
	<createdOn>11.11.2016 14:45:35</createdOn>
	<authors> Jean Étienne </authors>
</xml>
