<xml>
	<title>La Vague de Todd Strasser (Fiche de lecture)</title>
	<subtitle>Résumé complet et analyse détaillée de l'oeuvre</subtitle>
	<isbn>9782806251596</isbn>
	<pageCount>10</pageCount>
	<keywords>La Vague ;Todd Strasser ;analyse complète de l'oeuvre ;résumé détaillé du livre ;fiche de lecture ;profil littéraire ;critique ;Littérature ;grands classiques ;outils pédagogiques ;parascolaire ;critique littéraire ;enseignement ;fantastique ;lepetitlitteraire.fr ;le petit litteraire</keywords>
	<languageID>2</languageID>
	<createdOn>11.11.2016 12:12:54</createdOn>
	<authors>  Collectif </authors>
</xml>
